--------------------------------------------------------------------------------------
Timing Analyzer Summary
--------------------------------------------------------------------------------------

Type           : Worst-case tco
Slack          : N/A
Required Time  : None
Actual Time    : 12.300 ns
From           : contador:inst9|inst
To             : CLKD
From Clock     : Oscilador
To Clock       : --
Failed Paths   : 0

Type           : Clock Setup: 'Oscilador'
Slack          : N/A
Required Time  : None
Actual Time    : 68.03 MHz ( period = 14.700 ns )
From           : contador:inst2|inst5
To             : contador:inst8|inst
From Clock     : Oscilador
To Clock       : Oscilador
Failed Paths   : 0

Type           : Total number of failed paths
Slack          : 
Required Time  : 
Actual Time    : 
From           : 
To             : 
From Clock     : 
To Clock       : 
Failed Paths   : 0

--------------------------------------------------------------------------------------

